#: Title : dns howto
#: Author : "Caio Abreu Ferreira" <abreuferr_gmail.com>
#: Description : create and maintain dns zones
#: Options : Weight: 3

Key Knowledge Areas:
- BIND 9 configuration files, terms and utilities
- Utilities to request information from the DNS server
- Layout, content and file location of the BIND zone files
- Various methods to add a new host in the zone files, including reverse zones

Terms and Utilities:
- /var/named/ or /etc/bind/
- zone file syntax
- resource record formats
- named-checkzone
- named-compilezone
- masterfile-format
- dig
- nslookup
- host

#
# INSTALACAO
#
# o processo de atualizacao do SO e instalacao deve
# ser executado tanto no servidor primario, ns1, quanto
# no secundario, ns2.

# atualizacao do debian.
$ sudo apt-get update && sudo apt-get upgrade

# instalacao do bind e alterando permissao.
$ sudo apt-get install bind9 dnsutils bind9 bind9utils bind9-doc -y -d
$ sudo chown -R bind:bind /etc/bind

#
# CONFIGURACAO DO DNS PRIMARIO (NS1)
#

# ajustes no arquivo named.conf.options
$ sudo vi /etc/bind/named.conf.options
	// acl para controle de quem podera fazer requisicao 
	// de resolucao.
	acl clients {
		// rede que podera fazer reqisicao de resolucao
		// de nome.
        	192.168.0.0/24;
	};

	options {
        	// diretorio a onde estao os arquivos de 
		// configuracao da zona particula.local
        	directory "/etc/bind";

        	// quais os hosts ou rede que podem fazer requisicao
		// de resolucao de um nome
        	allow-query { clients; };
	};

# testando o arquivo de configuracao.
$ sudo named-checkconf /etc/bind/named.conf.options

# arquivo que contem as entradas das zonas que
# o bind ira gerenciar.
#
$ sudo vi /etc/bind/named.conf.local
	// configuracao da zona particula.local
	zone "particula.local" {
		// servidor do tipo master
		// existem servidores do tipo MASTER, SLAVE
		// HINT e FORWARD.
	        type master;

		// arquivo de configuracao da zona particula.local
	        file "db.particula.local";

		// os dados da configuracao do servidor master serao
		// transferidos para o servidor slave. essa transferencia
		// se chama de transferencia de zona.	
	        allow-transfer { 192.168.0.6; };

		// o servidor master ira notificar o servidor slave de
		// que houve uma alteracao na configuracao da zona.
    		notify yes;
	};

	// configuracao reversa da zona particula.local
	// o arquivo de nome "addr.arpa" indica que eh um
	// arquivo de dns reverso.
	zone "0.168.192.in-addr.arpa" {
		// servidor do tipo master.
		// existem servidores do tipo MASTER, SLAVE
		// HINT e FORWARD.
	        type master;

		// arquivo de configuracao da zona particula.local
	        file "db.0.168.192.in-addr.arpa";

		// os dados da zona serao transferidos para o servidor
		// slave.
	    	allow-transfer { 192.168.0.6; };

		// o servidor master ira notificar o servidor slave de
		// que houve uma alteracao na configuracao da zona.
    		notify yes;
	};

# testando o arquivo de configuracao.
$ sudo named-checkconf /etc/bind/named.conf.options

// arquivo de configuracao da zona particula.local.
// Hostname > IP.
$ sudo vi /etc/bind/db.particula.local
	; Start of Authority (SOA) record
	$TTL 604800
	// nome do servidor master da zona - ns1.particula.local
	// email do admin. da zona - root@particula.local
	@ IN SOA ns1.particula.local. root.particula.local. (
		// determina um numero serial de identificacao
		// da zona.
		// pode ser qualquer numero, mas por padrao 
		// utiliza-se a data de criacao da zona e um serial.
		// a cada nova alteracao, o serial deve ser alterado
		// para um valor maior.
		2010101301;	Serial

		// frequencia com que o servidor slave checa a
		// procura de alteracao.
		28800;		Refresh

		// em caso de falha, tempo para nova tentativa.
		3600;		Retry

		// tempo em que a informacao sobre a zona fica
		// invalida.
		604800;		Expire

		// tempo de vida.
		3600 );		Negative Cache TTL

	; registro dos Name Server (NS).
	@	IN NS ns1.particula.local.
	@	IN NS ns2.particula.local.

	; registro do Mail Exchange (MX).
		IN MX 10 srv.particula.local.

	; registro de associacao Hostname e IP Address (A)
		IN A 192.168.0.5
		IN A 192.168.0.6
	ns1	IN A 192.168.0.5
	ns2	IN A 192.168.0.6
	srv	IN A 192.168.0.7

	; registro do apelido, Canonical Name (CNAME)
	www	IN CNAME srv

# testando o arquivo de configuracao da zona.
$ sudo named-checkzone particula.local /etc/bind/db.particula.local

# arquivo de configuracao do dns reverso (IP > Hostname)
$ sudo vi /etc/bind/db.0.168.192.in-addr.arpa (master)
	; Start of Authority (SOA) record
	$TTL 604800
	// nome do servidor master da zona - ns1.particula.local
	// email do admin. da zona - root@particula.local
	@ IN SOA ns1.particula.local. root.particula.local. (
		// numero de serie.
		2010101301;	Serial
		// frequencia com que o servidor slave checa a
		// procura de alteracao.
		28800;		Refresh
		// em caso de falha, tempo para nova tentativa.
		3600;		Retry
		// tempo em que a informacao sobre a zona fica
		// invalida.
		604800;		Expire
		// tempo de vida.
                3600 );         Negative Cache TTL

	; registro com os servidores Name Servers.
		IN NS ns1.particula.local.
		IN NS ns2.particula.local.

	; registro com as associacoes reversas, IP to Hostname.
	5       IN PTR    ns1.particula.local.
	6       IN PTR    ns2.particula.local.
	7       IN PTR    srv.particula.local.

# testando o arquivo de configuracao da zona reversa.
$ sudo named-checkzone 0.168.192.in-addr.arpa /etc/bind/db.0.168.192.in-addr.arpa

# reler os arquivos de configuracao do Bind.
$ sudo rndc reload

# conteudo do arquivo resolv.conf
$ sudo cat /etc/resolv.conf
	domain particula.local
	search particula.local
	nameserver 192.168.0.6
	nameserver 192.168.0.7

#
# CONFIGURACAO DO DNS SECUNDARIO (NS2)
#

# arquivos de configuracao do bind
$ sudo vi /etc/bind/named.conf.options
	options {
		// diretorio a onde estao localizados os arquivos
		// da zona particula.local
		directory "/etc/bind";
	};

$ sudo vi /etc/bind/named.conf.local
	// configuracao da zona particula.local
	zone "particula.local" {
		// servidor do tipo slave
		type slave;

		// arquivo de configuracao da zona
		file "db.particula.local";

		// endereco do servidor master
		masters { 192.168.0.5; };

		// notificar o servidor master
		allow-notify { 192.168.0.5; };
	};

	// configuracao reversa da zona particula.local
	zone "0.168.192.in-addr.arpa" {
		// servidor do tipo slave
		type slave;

		// arquivo de configuracao da zona
		file "db.0.168.192.in-addr.arpa";

		// endereco ip do servidor master
		masters { 192.168.0.5; };

		// notificar o servidor master
		allow-notify { 192.168.0.5; };
	};

# testando o arquivo de configuracao.
$ sudo named-checkconf /etc/bind/named.conf.options

# reinicializar o bind.
$ sudo systemctl restart bind9.service

# transferencia de zona.
# transferencia dos dados de configuracao da zona do
# servidor master para o servidor slave.
#
# a diretiva de configuracao do bind que permite que as
# configuracoes do master para o slave eh:
#	allow-transfer { IP_SLAVE; };
#
$ cat /var/log/syslog
	ns1 named[622]:zone particula.local/IN: sending notifies (serial 2019062201)
	ns1 named[622]:zone 0.168.192.in-addr.arpa/IN: sending notifies (serial 2019062201)
	ns1 named[622]:client 192.168.0.7#51219 (particula.local): transfer of 'particula.local/IN': AXFR-style IXFR started (serial 2019062201)
	ns1 named[622]:client 192.168.0.7#51219 (particula.local): transfer of 'particula.local/IN': AXFR-style IXFR ended
	ns1 named[622]:client 192.168.0.7#48321 (0.168.192.in-addr.arpa): transfer of '0.168.192.in-addr.arpa/IN': AXFR-style IXFR started (serial 2019062201)
	ns1 named[622]:client 192.168.0.7#48321 (0.168.192.in-addr.arpa): transfer of '0.168.192.in-addr.arpa/IN': AXFR-style IXFR ended

# conteudo do arquivo resolv.conf
$ sudo cat /etc/resolv.conf
	domain particula.local
	search particula.local
	nameserver 192.168.0.6
	nameserver 192.168.0.7

#
# NSLOOKUP
#

# utilizacao do aplicativo NSLOOKUP
$ nslookup particula.local ; "A" record do dominio
$ nslookup 192.168.0.5 ; dominio reverso
$ nslookup web1.particula.local ; informacao sobre um determinado host
$ nslookup -query=ns www.particula.local ; NS record
$ nslookup -debug particula.local ; Debug

#
# DIG
#

# utilizacao do aplicativo DIG
$ dig particula.local A ; A record
$ dig particula.local MX ; MX record
$ dig particula.local SOA ; SOA record
$ dig particula.local TTL ; TTL record
$ dig particula.local ANY +noall +answer ; ANY record

#
# HOST
#

# aplicativo HOST
$ host [OPCAO] [DOMINIO]
	-a - todos os protocolos
	-d - modo detalhado
	-l [IP_NS1/IP_NS2] - transferencia de zona
	-t [REGISTRO] - any, mx, ns, axfr, cname - consulta
	-C - exibe registros SOA do dominio

$ host ns1
$ host ns1.particula.local
$ host www.particula.local
$ host 192.168.0.5
$ host -t SOA 0.168.192.in-addr.arpa

#
# TCPDUMP
#

# ns1
# capturar pacote
$ sudo tcpdump -i ens33 udp port 53 -w ns1.pca
# ler pacote
$ sudo tcpdump -n -t -r ns1.pcap port 53
	# o host 192.168.0.42 pergunta para o NS 192.168.0.6 sobre o dominio particula.local
	IP 192.168.0.42.59361 > 192.168.0.6.53: 54066+ [1au] A? particula.local. (44)

	# o ns1 192.168.0.6 indica que o dominio particula.local responde pelo ip 192.168.0.6
	IP 192.168.0.6.53 > 192.168.0.42.59361: 54066* 1/2/3 A 192.168.0.6 (128)

# ns2
# capturar pacote
$ sudo tcpdump -i ens33 udp port 53 -w ns2.pca
# ler pacote
$ sudo tcpdump -n -t -r ns2.pcap port 53
	# o host 192.168.0.42 pergunta para o NS 192.168.0.6 sobre o dominio particula.local
	IP 192.168.0.42.59361 > 192.168.0.6.53: 54066+ [1au] A? particula.local. (44)

	# o ns1 192.168.0.6 indica que o dominio particula.local responde pelo ip 192.168.0.6
	IP 192.168.0.6.53 > 192.168.0.42.59361: 54066* 1/2/3 A 192.168.0.6 (128)

#
# TCPDUMP - TRANSFERENCIA DE ZONA - 192.168.0.6 > 192.168.0.7
#

# ns1 - capturando pacotes tcp
$ sudo tcpdump -i ens33 tcp port 53 -w ns1.pcap

# ler pacote
$ sudo tcpdump -n -t -r ns1.pcap port 53
	IP 192.168.0.7.40515 > 192.168.0.6.53: Flags [S], seq 996073118, win 29200, options [mss 1460,sackOK,TS val 1764217 ecr 0,nop,wscale 5], length 0
	IP 192.168.0.6.53 > 192.168.0.7.40515: Flags [S.], seq 84849271, ack 996073119, win 28960, options [mss 1460,sackOK,TS val 1781125 ecr 1764217,nop,wscale 5], length 0
	IP 192.168.0.7.40515 > 192.168.0.6.53: Flags [.], ack 1, win 913, options [nop,nop,TS val 1764217 ecr 1781125], length 0
	IP 192.168.0.7.40515 > 192.168.0.6.53: Flags [P.], seq 1:36, ack 1, win 913, options [nop,nop,TS val 1764217 ecr 1781125], length 357116 AXFR? particula.local. (33)
	IP 192.168.0.6.53 > 192.168.0.7.40515: Flags [.], ack 36, win 905, options [nop,nop,TS val 1781125 ecr 1764217], length 0
	IP 192.168.0.6.53 > 192.168.0.7.40515: Flags [P.], seq 1:275, ack 36, win 905, options [nop,nop,TS val 1781125 ecr 1764217], length 2747116* 11/0/0 SOA, NS ns1.particula.local., NS ns2.particula.local., MX mail.particula.local. 10, A 192.168.0.6, A 192.168.0.9, A 192.168.0.8, A 192.168.0.6, A 192.168.0.7, CNAME apache.particula.local., SOA (272)
	IP 192.168.0.7.40515 > 192.168.0.6.53: Flags [.], ack 275, win 946, options [nop,nop,TS val 1764217 ecr 1781125], length 0
	IP 192.168.0.7.40515 > 192.168.0.6.53: Flags [F.], seq 36, ack 275, win 946, options [nop,nop,TS val 1764217 ecr 1781125], length 0
	IP 192.168.0.6.53 > 192.168.0.7.40515: Flags [F.], seq 275, ack 37, win 905, options [nop,nop,TS val 1781125 ecr 1764217], length 0
	IP 192.168.0.7.40515 > 192.168.0.6.53: Flags [.], ack 276, win 946, options [nop,nop,TS val 1764217 ecr 1781125], length 0
	IP 192.168.0.7.50571 > 192.168.0.6.53: Flags [S], seq 2731040310, win 29200, options [mss 1460,sackOK,TS val 1764342 ecr 0,nop,wscale 5], length 0
	IP 192.168.0.6.53 > 192.168.0.7.50571: Flags [S.], seq 1888910426, ack 2731040311, win 28960, options [mss 1460,sackOK,TS val 1781251 ecr 1764342,nop,wscale 5], length 0
	IP 192.168.0.7.50571 > 192.168.0.6.53: Flags [.], ack 1, win 913, options [nop,nop,TS val 1764342 ecr 1781251], length 0
	IP 192.168.0.7.50571 > 192.168.0.6.53: Flags [P.], seq 1:43, ack 1, win 913, options [nop,nop,TS val 1764342 ecr 1781251], length 4235999 AXFR? 0.168.192.in-addr.arpa. (40)
	IP 192.168.0.6.53 > 192.168.0.7.50571: Flags [.], ack 43, win 905, options [nop,nop,TS val 1781251 ecr 1764342], length 0
	IP 192.168.0.6.53 > 192.168.0.7.50571: Flags [P.], seq 1:247, ack 43, win 905, options [nop,nop,TS val 1781251 ecr 1764342], length 24635999* 8/0/0 SOA, NS ns1.particula.local., NS ns2.particula.local., PTR ns1.particula.local., PTR ns2.particula.local., PTR mail.particula.local., PTR apache.particula.local., SOA (244)
	IP 192.168.0.7.50571 > 192.168.0.6.53: Flags [.], ack 247, win 946, options [nop,nop,TS val 1764343 ecr 1781251], length 0
	IP 192.168.0.7.50571 > 192.168.0.6.53: Flags [F.], seq 43, ack 247, win 946, options [nop,nop,TS val 1764343 ecr 1781251], length 0
	IP 192.168.0.6.53 > 192.168.0.7.50571: Flags [F.], seq 247, ack 44, win 905, options [nop,nop,TS val 1781251 ecr 1764343], length 0
	IP 192.168.0.7.50571 > 192.168.0.6.53: Flags [.], ack 248, win 946, options [nop,nop,TS val 1764343 ecr 1781251], length 0

#
# UTILITARIO
#

# aplicativo rndc
$ sudo rndc [OPCAO]
	stats/status - exibe estatistica
	reload - reler os arquivos de configuracao e zona
	stop - parar o bind
	halt - parar o servidor sem salvar pendencias
	flush - apagar todo o cache do servidor
	reconfig - reler o arquivo de configuracao e somente nova zona

#
# TESTE DE SEGURANCA
#

# obtendo a versao do bind.
$ sudo sudo dig +short @particula.local version.bind txt chaos
	"9.10.3-P4-Debian"

# fi adicionado a opcao de ofuscacao da versao do bind.
$ sudo vi /etc/bind/named.conf.options
	options {
		version none;
	};

# re-ler os arquivos de configuracao do bind.
$ sudo rndc reload

# obtendo a versao do bind.
$ sudo dig +short @particula.local version.bind txt chaos
	NAO APARECEU NENHUMA INFORMACAO.
