#: Title : apache2
#: Author : "Caio Abreu Ferreira" <abreuferr_gmail.com>
#: Description : Implementing a web server - CentOS
#: Options : Weight: 4

Description: Candidates should be able to install and configure a 
web server. This objective includes monitoring the servers load 
and performance, restricting client user access, configuring support 
for scripting languages as modules and setting up client user 
authentication. Also included is configuring server options to restrict 
usage of resources. Candidates should be able to configure a web server 
to use virtual hosts and customize file access.

Key Knowledge Areas:
- Apache 2.4 configuration files, terms and utilities
- Apache log files configuration and content
- Access restriction methods and files
- mod_perl and PHP configuration
- Client user authentication files and utilities
- Configuration of maximum requests, minimum and maximum servers and clients
- Apache 2.4 virtual host implementation (with and without dedicated IP addresses)
- Using redirect statements in Apaches configuration files to customize file access

Terms and Utilities:
- access logs and error logs
- .htaccess
- httpd.conf
- mod_auth_basic, mod_authz_host and mod_access_compat
- htpasswd
- AuthUserFile, AuthGroupFile
- apachectl, apache2ctl
- httpd, apache2

#
# Instalacao
#

$ sudo yum clean all
$ sudo yum update
$ sudo yum install httpd

$ sudo systemctl start httpd
$ sudo systemctl enable httpd
$ sudo systemctl status httpd

#
# Firewall
#

$ sudo firewall-cmd --zone=public --permanent --add-service=http
$ sudo firewall-cmd --zone=public --permanent --add-service=https
$ sudo firewall-cmd --reload


#
# Virtual Host
#

# diretorio a onde sera armazenado os arquivos do site
# particula.com.br/www.particula.local
$ sudo mkdir -p /var/www/particula.local/html

# arquivo indice do site
$ sudo vi /var/www/particula.local/html/index.html
	apache.particula.local

# Arquivo de configuracao principal do Apache.
# /etc/httpd/conf/httpd.conf
# Supplemental configuration
# Load config files in the "/etc/httpd/conf.d" 
# directory, if any.
# IncludeOptional conf.d/*.conf
#
# arquivo de configuracao do dominio particula.local
$ sudo vi /etc/httpd/conf.d/particula.local.conf
	<VirtualHost *:80>
		# email do administrador do dominio.
		ServerAdmin webmaster@particula.local

		# dominio
		ServerName particula.local

		# alias do dominio
		ServerAlias www.particula.local

		# diretorio a onde sera armazenado os arquivos do dominio.
		DocumentRoot /var/www/particula.local

		# Diretorio e nome do arquivo a onde sera armazenado
		# o log de erro do dominio.
		ErrorLog /var/log/httpd/particula.local_error.log

		# diretorio e nome do arquivo aonde sera armazenado
		# o log de acesso do dominio.
		CustomLog /var/log/httpd/particula.local_access.log combined
	</VirtualHost>

# checagem da configuracao do apache
$ sudo apachectl configtest
	Syntax OK

# reinicializando o apache utilizando o
# aplicativo "apachectl".
# apachectl -k [start/restart/graceful/graceful-stop/stop]
$ sudo apachectl -k graceful

# teste - estacao
$ w3m http://www.particula.local/html

#
# Modulo Perl
#

# instalando os componentes necessarios.
$ sudo yum install perl perl-CGI

# reinicializando o apache.
# nesse caso, é necessario reinicializar 
$ sudo systemctl restart httpd

# configuracao do apache.
$ sudo vi /etc/httpd/conf.d/particula.local.conf
	<VirtualHost *:80>
		ScriptAlias /cgi-bin/ /var/www/particula.local/cgi-bin/
		<Directory /var/www/particula.local/cgi-bin>
			Options +ExecCGI
			AddHandler cgi-script .cgi .pl
		</Directory>
	</VirtualHost>

# testando configuracao
$ sud apachectl configtest

# diretorio e arquivo de trabalho.
$ mkdir -p /var/www/particula.local/cgi-bin
$ vi /var/www/particula.local/cgi-bin/index.cgi
	#!/usr/bin/perl
	print "Content-type: text/html\n\n";
	print "Hello, World.";

# permissao - adicionando permissao de execucao.
$ sudo chmod +x -R /var/www/particula.local/cgi-bin

# teste
$ lynx http://www.particula.local/cgi-bin/index.cgi

#
# Autenticacao atraves de usuario/grupo e senha
#

# diretorio de trabalho
$ sudo mkdir -p /var/www/particula.local/auth-basic

# index.html
$ sudo vi /var/www/particula.local/auth-basic/index.html
	Test Page for Basic Auth

# arquivos com as diretivas de autenticacao.
$ sudo vi /var/www/particula.local/auth-access/.htaccess
	AuthType Basic
	AuthName "processo de autenticacao de acesso"
	# usuario
	AuthUserFile /var/www/particula.local/webpass.user
	Require valid-user
	# grupo
	AuthGroupFile /var/www/particula.local/webpass.group
	Require group particula

$ sudo vi /etc/httpd/conf.d/particula.local.conf
	<VirtualHost *:80>
		# a diretiva "AccessFileName" so eh necessaria
		# se por acaso o nome do arquivo .htaccess for
		# outro.
		<Directory /var/www/particula.local/auth-basic>
			AllowOverride All
		</Directory>
	</VirtualHost>

# testando configuracao
$ sudo apachectl configtest

# criar o arquivo webpass a onde sera armazenado o usuario
# e a senha dele.
$ sudo htpasswd -c /var/www/particula.local/webpass.user [USUARIO]

# adicionar novos usuario ao arquivo webpass.user
$ sudo htpasswd /var/www/particula.local/webpass.user [USUARIO]

# grupo de usuarios.
$ sudo vi /var/www/particula.local/webpass.group
	particula: cosmo caio

# reinicializar o apache2
$ sudo systemctl restart httpd

# teste
$ w3m http://www.particula.local/auth-basic/

#
# Autenticacao atraves de servidor LDAP
#

# instalacao do modulo 
$ sudo yum install mod_ldap

# diretorio de trabalho
$ sudo mkdir -p /var/www/particula.local/ldap
$ sudo vi /var/www/particula.local/ldap/index.html

# configuracao do apache
$ sudo vi /etc/httpd/conf.d/particula.local.conf
	<VirtualHost *:80>
	        <Directory /var/www/particula.local/ldap>
	                AuthName "LDAP Authentication"
	                AuthType Basic
	                AuthBasicProvider ldap
	                AuthLDAPURL ldap://192.168.10.13/dc=particula,dc=local?uid?sub?(objectClass=*)
	                Require ldap-filter objectClass=posixAccount
	        </Directory>
	</VirtualHost>

# reinicializando o apache.
$ sudo systemctl restart httpd

#
# RESTRICAO DE ACESSO A ARQUIVO
#

# utilizacao da diretiva <FILES> para controlar o acesso a
# determinado arquivo.
#
# a diretiva <FILES> trabalha com arquivo, desta forma, nao
# importa a onde o arquivo esteja localizado, o acesso sempre
# sera bloqueado, mesmo que esteja dentro de um subdiretorio.
#
# esse bloquei é devido a diretiva "Deny all", negando todo o
# acesso.

$ sudo vi /etc/httpd/conf.d/particula.local.conf
	<VirtualHost *:80>
	(...)
	<Directory /var/www/particula.local/html>
		(...)
		<Files private.html>
			Order allow,deny
			Deny from all
		</Files>
	</Directory>

# testes
$ w3m http://IP_WEBSERVER/private.html
	You don't have permission to access /private.html on this server.

$ w3m http://IP_WEBSERVER/subdir/private.html
	You don't have permission to access /private.html on this server.

#
# Apache UserDir
#

# permissao
$ sudo chmod 711 /home/caio/
$ sudo chown caio:caio /home/caio/public_html/
$ sudo chmod 755 /home/caio/public_html/

# index.html
$ vi /home/caio/public_html/index.html

# configurar o modulo
$ sudo vi /etc/httpd/conf.d/userdir.conf
	<IfModule mod_userdir.c>
        	UserDir enabled caio
        	UserDir public_html
	</IfModule>

	<Directory /home/*/public_html>
        	AllowOverride FileInfo AuthConfig Limit Indexes
        	Options MultiViews Indexes SymLinksIfOwnerMatch IncludesNoExec
        	Require method GET POST OPTIONS
	</Directory>

# teste
$ w3m http://IP_APACHE_SERVER/~caio/

#
# Security Apache
#

# neste caso, a configuracao abaixo sera refletida em todos
# os dominios virtuais, visto que os parametros foram
# acrescentados no arquivo de configuracao geral do apache.
#
$ sudo vi /etc/httpd/conf/httpd.conf
	# nao exibe a versao do apache
	ServerSignature Off
	ServerTokens Prod
