#: Title : nginx
#: Author : "Caio Abreu Ferreira" <abreuferr_gmail.com>
#: Description : implementando um servidor web e proxy reverso com o nginx
#: Options : Weight: 2

Description: Candidates should be able to install and configure a reverse proxy 
server, Nginx. Basic configuration of Nginx as a HTTP server is included.

Key Knowledge Areas:
- Nginx
- Reverse Proxy
- Basic Web Server

Terms and Utilities:
- /etc/nginx/
- nginx

#
# INSTALCAO
#

# atualizacao do gnu/linux debian
$ sudo apt-get update
$ sudo apt-get upgrade

# obter a chave de criptografia do repositorio
$ wget http://nginx.org/keys/nginx_signing.key

# adicionar a chave de criptografia do repositorio no apt
$ sudo sudo apt-key add nginx_signing.key

# adicionando o repositorio do nginx ao apt
$ sudo vim /etc/apt/sources.list.d/nginx-stable.list
	deb http://nginx.org/packages/debian/ stretch nginx

# atualizacao do debian
$ sudo apt-get update

# instalacao do nginx
$ sudo apt-get install nginx -y -d

# inicializacao do servico nginx
$ sudo systemctl start nginx

# habilitar o nginx no boot
$ sudo systemctl enable nginx

#
# CONFIGURACAO
#
# o arquivo /etc/ngix/nginx.conf corresponde ao arquivo de
# configuracao geral do nginx. qualquer tipo de alteracao
# nesse arquivo ira afetar todo o nginx.

# copia de seguranca do arquivo de configuracao do nginx
$ sudo cp /etc/nginx/nginx.conf /etc/nginx/nginx.conf.BKP

$ sudo vi /etc/nginx/nginx.conf
	# usuario dono do nginx.
	user www-data;

	# numero de processos em execucao.
	worker_processes auto;

	# local do arquivo de pid.
	pid /run/nginx.pid;

	# arquivos de configuracao dos dominios virtuais.
	include /etc/nginx/modules-enabled/*.conf;
	http{
		(...)
		# nao exibe a versao do software nginx
		server_tokens off;

		# arquivos de log da execucao do nginx.
		access_log /var/log/nginx/access.log;
        	error_log /var/log/nginx/error.log;

		# diretorio a onde se localizam os arquivos de configuracao 
		# dos dominios virtuais.
		include /etc/nginx/conf.d/*.conf;
		include /etc/nginx/sites-enabled/*;
		(...)
	}

# testar os arquivos de configuracao.
$ sudo nginx -t

#
# VIRTUAL HOST
#

# diretorio a onde sera armazenado o codigo do virtual host.
$ sudo mkdir -p /var/www/particula.local/html

# arquivo com a pagina indice do site.
$ sudo vi /var/www/particula.local/html/index.html
	nginx.particula.local

# arquivo de configuracao BASICA do dominio virtual particula.local.
$ sudo vi /etc/nginx/sites-available/particula.local
	server {
		# porta em que o nginx ira trabalhar, ipv4 e ipv6
		listen 80;
		listen [::]:80;

		# diretorio a onde sera armazenado os arquivos do site do
		# dominio virtual.
		root /var/www/particula.local/html;

		# nome do arquivo indice
		index index.html;

		# nome do dominio
		server_name *.particula.local;

		# arquivos de log gerados pelo dominio virtual.
		access_log  /var/log/nginx/particula.local_access.log;
		error_log   /var/log/nginx/particula.local_error.lg;
	}

# ativando o dominio virtual particula.local
$ sudo ln -s /etc/nginx/sites-available/particula.local /etc/nginx/sites-enabled/

#
# APLICATIVO NGINX
#

# testar os arquivos de configuracao.
$ sudo nginx -t

# reler os arquivos de configuracao do nginx.
$ sudo nginx -s reload

# para o servico do nginx de forma rapida.
$ sudo nginx -s stop

# para o servico do nginx sem desconectar as conexoes ativas.
$ sudo nginx -s quit

#
# SSL
#

# criando chave de criptografia
$ sudo openssl genrsa -out /etc/ssl/private/ca.key 2048

# gerando o arquivo CSR
$ sudo openssl req -new -key /etc/ssl/private/ca.key -out /etc/ssl/private/ca.csr

# assinar o certificado
$ sudo openssl x509 -req -days 365 -in /etc/ssl/private/ca.csr -signkey /etc/ssl/private/ca.key -out /etc/ssl/private/ca.crt

# alterando as permissoes dos arquivos de certificacao por motivos de seguranca
$ sudo chmod 0400 /etc/ssl/private/ca.*

# configuracao do nginx para trabalhar com certificado ssl
$ sudo vi /etc/nginx/sites-available/particula.local
	server {
	        # porta em que o nginx ira trabalhar, ipv4 e ipv6
	        listen 80;
	        listen [::]:80;

		# nome do dominio
		server_name *.particula.local;

	        # redirecionar o trafego HTTP para o HTTPS
	        # desta forma, se por acaso o usuario digitar
		# na url o endereco HTTP, o nginx ira transferir
		# para o endereco HTTPS.
		return 301 https://$host$request_uri;

	}

	server {
	        # porta em que o nginx ira trabalhar, ipv4 e ipv6
		# e o protocolo HTTPS/SSL
	        listen 443 ssl http2;
	        listen [::]:443 ssl http2;

	        # diretorio de trabalho
	        root /var/www/particula.local/html;

	        # nome do arquivo indice
	        index index.html;

	        # nome do dominio
	        server_name www.particula.local particula.local;

	        # log files do dominio particula.local.
	        access_log  /var/log/nginx/particula.local_access.log;
	        error_log   /var/log/nginx/particula.local_error.lg;

	        # ssl
	        ssl on;
		ssl_protocols TLSv1.2;
		ssl_ciphers HIGH:!aNULL:!MD5;
	        ssl_certificate /etc/ssl/private/ca.crt;
	        ssl_certificate_key /etc/ssl/private/ca.key;
		ssl_session_cache shared:SSL:10m; 
		ssl_session_timeout 10m;

	        # gzip
	        gzip off;
	}

# testar os arquivos de configuracao
$ sudo nginx -t

# reler os arquivos de configuracao do nginx
$ sudo nginx -s reload

#
# PROXY REVERSO (COM CACHE e SEM SSL)
# (servidor nginx - 192.168.0.9)
#

# diretorio a onde sera armazenado o cache
$ sudo mkdir -p /var/cache/nginx
$ sudo chmod 770 /var/cache/nginx

# copia de seguranca
$ sudo cp /etc/nginx/nginx.conf /etc/nginx/nginx.conf.origin

# configuracao do cache
$ sudo vi /etc/nginx/nginx.conf
	(...)
	http {
		include /etc/nginx/conf.d/*.conf;
		include /etc/nginx/sites-enabled/*;

		proxy_cache my_cache;
		proxy_cache_path /var/cache/nginx levels=1:2 keys_zone=my_cache:10m max_size=9000g inactive=1d;
		proxy_cache_use_stale error timeout updating http_500 http_502 http_503 http_504;
		proxy_temp_path /var/cache/nginx/temp;
		proxy_cache_lock on;
		proxy_bind 0.0.0.0;
		proxy_cache_valid 200 302 10m;
		proxy_cache_valid 301 1h;
		proxy_cache_valid any 1m;
                proxy_http_version 1.1;
                proxy_set_header Upgrade $http_upgrade;
                proxy_set_header Connection 'upgrade';
                proxy_set_header Host $host;
	}
	(...)

# configuracao do dominio virtual particula.local
# para trabalhar com proxy reverso
$ sudo vi /etc/nginx/sites-available/particula.local
	server {
		# geral
        	listen 80;
		listen [::]:80;
	        server_name *.particula.local;

	        # log files
	        access_log  /var/log/nginx/particula.local_access.log;
        	error_log   /var/log/nginx/particula.local_error.log;

		# proxy reverso
	        location / {
			# principal diretiva de configuracao do nginx para 
			# trabalhar como proxy reverso.
	                proxy_pass http://192.168.0.9;
	        }
	}

# ativando o arquivo de configuracao do dominio virtual particula.local.
$ sudo ln -s /etc/nginx/sites-available/particula.local /etc/nginx/sites-enabled

# testando os arquivos de configuracao do nginx.
$ sudo nginx -t

# reler os arquivos de configuracao do nginx
$ sudo nginx -s reload

#
# PROXY REVERSO (COM SSL)
# (servidor nginx - 192.168.0.9)
#

# arquivo de configuracao do dominio virtual particula.local.
$ sudo vi /etc/nginx/sites-available/particula.local
	# http
	server {
		# o nginx fica escutando a porta 80, ipv4/6
		listen 80;
		listen [::]:80;

		# redirecionamento do http para o https
		return 301 https://$host$request_uri;
		return 301 https://www.$host$request_uri;
	}

	# https
	server {
		# geral ssl
	        listen 443 ssl http2;
		listen [::]:443 ssl http2;

		# nome do dominio virtual.
	        server_name particula.local www.particula.local;

	        # log files
	        access_log  /var/log/nginx/particula.local_access.log;
        	error_log   /var/log/nginx/particula.local_error.lg;

		# trabalhando com o SSL
		ssl on;
		ssl_certificate /etc/ssl/private/ca.crt;
		ssl_certificate_key /etc/ssl/private/ca.key;
		ssl_session_cache builtin:1000 shared:SSL:10m;
		ssl_protocols TLSv1 TLSv1.1 TLSv1.2;
		ssl_ciphers HIGH:!aNULL:!eNULL:!EXPORT:!CAMELLIA:!DES:!MD5:!PSK:!RC4;
		ssl_prefer_server_ciphers on;
		ssl_session_cache shared:SSL:10m;
		ssl_session_timeout 10m;

		# proxy reverso
	        location / {
			# webserver nginx
	                proxy_pass http://192.168.0.9;

			# ssl
			proxy_ssl_verify on; 
			proxy_ssl_verify_depth 2; 
			proxy_ssl_protocols TLSv1.2;
	        }
	}

# ativando o arquivo de configuracao do dominio virtual particula.local.
$ sudo ln -s /etc/nginx/sites-available/particula.local /etc/nginx/sites-enabled

# comando utilizado para testar o arquivo de configuracao do ngin
$ sudo nginx -t

# reler os arquivos de configuracao do nginx
$ sudo nginx -s reload
