#: Title : fail2ban
#: Author : "Caio Abreu Ferreira" <abreuferr_gmail.com>
#: Description : instalacao e configuracao do aplicativo fail2ban
#: Options : Weight 3

Description: Candidates should be able to receive security alerts 
from various sources, install, configure and run intrusion detection 
systems and apply security patches and bugfixes.

Key Knowledge Areas:
- Tools and utilities to scan and test ports on a server
- Locations and organizations that report security alerts as Bugtraq, 
  CERT or other sources.
- Tools and utilities to implement an intrusion detection system (IDS)
- Awareness of OpenVAS and Snort

Terms and Utilities:
- telnet
- nmap
- fail2ban
- nc
- iptables

#
# TEORIA
#

# fail2ban eh um framework desenvolvido em Python que monitora os logs, 
# verificando a tentativas de conexao sem sucesso, bloqueando o IP suspeito 
# depois de um determinado numero de tentativas. Ele pode ser configurado 
# para monitorar os servi√ßos ssh, pam, xinetd, apache, vsftpd, proftpd, 
# wuftpd, postfix, couriersmtp, entre outros servicos, podendo adicionar 
# uma regra no firewall para bloquear um possivel ataque, o que eh muito 
# util em situacoes onde o administrador de sistemas tem que lidar com 
# milhares de conexoes.
#
# no texto abaixo, o software fail2ban sera instalado no gateway da rede.

#
# INSTALACAO
#

# atualizacao do gnu/linux debian.
$ sudo apt-get update && sudo apt-get upgrade

# instalacao do fail2ban
$ sudo apt-get install fail2ban -y -d

#
# CONFIGURACAO
#

# copia de seguranca.
$ sudo cp /etc/fail2ban/fail2ban.conf /etc/fail2ban/fail2ban.conf.origin

# arquivo de configuracao do gerenciamento do
# daemon, log, socket e pid do fail2ban.
$ sudo vi /etc/fail2ban/fail2ban.conf
	[Definition]
	loglevel = ERROR
	logtarget = /var/log/fail2ban.log
	syslogsocket = auto
	socket = /var/run/fail2ban/fail2ban.sock
	pidfile = /var/run/fail2ban/fail2ban.pid
	dbfile = /var/lib/fail2ban/fail2ban.sqlite3
	dbpurgeage = 86400

# copia de seguranca.
$ sudo cp /etc/fail2ban/jail.conf /etc/fail2ban/jail.conf.origin

# arquivo de configuracao do fail2ban priopriamente dito.
$ /etc/fail2ban/jail.conf
	[sshd]
	enabled = true
	port    = ssh
	logpath = %(sshd_log)s
	backend = %(sshd_backend)s

	[sshd-ddos]
	port    = ssh
	logpath = %(sshd_log)s
	backend = %(sshd_backend)s

#
# CLIENTE
#

# status do fail2ban
$ sudo fail2ban-client status

# status do fail2ban sshd
$ sudo fail2ban-client status sshd
