#: Title : Securing FTP servers
#: Author : "Caio Abreu Ferreira" <abreuferr_gmail.com>
#: Description : Securing FTP servers
#: Options : Weight: 2

Description: Candidates should be able to configure 
an FTP server for anonymous downloads and uploads. 
This objective includes precautions to be taken if 
anonymous uploads are permitted and configuring user 
access.

Key Knowledge Areas:
- Configuration files, tools and utilities for Pure-FTPd and vsftpd
- Awareness of ProFTPd
- Understanding of passive vs. active FTP connections

Terms and Utilities:
- vsftpd.conf
- important Pure-FTPd command line options

#
# VSFTPD - INSTALACAO
#

# atualizacao do gnu/linux debian.
$ sudo apt-get update
$ sudo apt-get upgrade

# instalacao do vsftpd.
$ sudo apt-get install vsftpd -y -d

#
# CONFIGURACAO
#

# copia de seguranca.
$ sudo cp /etc/vsftpd.conf /etc/vsftpd.conf.origin

# editando o arquivo de configuracao.
$ sudo vi /etc/vsftpd.conf
	#
	# ANONYMOUS
	#

	# ativando ou nao o usuario anonymous.
	anonymous_enable=NO/YES
	# permite ou nao que usuario anonymous possa
	# fazer o upload de arquivos.
	anon_upload_enable=YES/NO
	# permite ou nao que usuario anonymous possa
	# criar diretorio.
	anon_mkdir_write_enable=YES/NO

	#
	# NORMAL USER
	#

	# ativar ou nao a utilizacao de usuario local.
	local_enable=YES/NO
	# permitir ou nao que usuario possa fazer o upload
	# de arquivos.
	write_enable=YES/NO

	# define quais usuarios podem fazer o logon
	# no servidor ftp
	userlist_enable=YES
	# lista com os usuarios que podem fazer login
	# no servidor ftp
	userlist_file=/etc/vsftpd.user_list

	#
	# NEGAR/PERMITIR DETERMINADOS USUSARIO
	#

	# negar.
	userlist_deny=YES
	userlist_file=/etc/vsftpd.denied_users

	# permitir.
	userlist_deny=NO
	userlist_enable=YES
	userlist_file=/etc/vsftpd.allowed_users

	#
	# CHROOT
	#

	# ativando ou nao a opcao de chroot.
	chroot_local_user=YES/NO
	# lista de usuarios que farao ou nao chroot.
	chroot_list_file=/etc/vsftpd.chroot_list
	# permite que usuario com chroot possa fazer upload
	# de arquivos.
	allow_writeable_chroot=YES

	#
	# TLS
	# 

	# ativa a opcao de tls.
	ssl_enable=YES

	# permite que o usuario anonymous utilize a conexao tsl.
	allow_anon_ssl=YES

	# forca usuarios nao-anonymous a utilizarem tls.
	force_local_data_ssl=YES
	force_local_logins_ssl=YES

	# versao do protocolo tls.
	ssl_tlsv1=YES
	ssl_sslv2=NO
	ssl_sslv3=NO

	# localizacao do certificado tls.
	rsa_cert_file=/etc/ssl/private/vsftpd.pem

# criando certificado SSL
$ sudo sudo openssl req -x509 -nodes -days 3650 -newkey rsa:2048 -keyout /etc/ssl/private/vsftpd.pem -out /etc/ssl/private/vsftpd.pem

# reinicializando o vsftpd
$ sudo systemctl restart vsftpd.service
