# systemd - os scripts podem ser carregados em paralelo
#	  - novo sistema de runlevel

# inicializar servico 
$ sudo systemctl start <service name>

# parar servico
$ sudo systemctl stop <service name>

# desabilitar o servico na inicializacao do SO
$ sudo systemctl disable <service name>

# mudar de runlevel
$ sudo systemctl isolate rescue.target		- runlevel 1
$ sudo systemctl isolate multi-user.target	- no graphic
$ sudo systemctl isolate graphical.target	- yes graphic

# definir o reunlevel padrao
$ sudo 	systemctl set-default <name of target>.target

# runlevel atual
$ sudo 	systemctl get-default 

# exibir os servicos que estao em execucao
$ sudo systemctl --state=running -t s

# sistemas que tiveram problema na incializacao.
$ sudo systemctl --state=failed

# arquivos de configuracao do systemd
#
$ ls -l /etc/systemd/
total 44
-rw-r--r--  1 root root  546 Sep  2  2016 bootchart.conf
-rw-r--r--  1 root root  812 May  2 14:15 journald.conf
-rw-r--r--  1 root root  750 Sep  2  2016 logind.conf
drwxr-xr-x  2 root root 4096 Sep  2  2016 network
drwxr-xr-x  2 root root 4096 Sep  2  2016 ntp-units.d
-rw-r--r--  1 root root  345 Sep  2  2016 resolved.conf
drwxr-xr-x 15 root root 4096 Jun  7 13:20 system
-rw-r--r--  1 root root 1308 Sep  2  2016 system.conf
-rw-r--r--  1 root root  434 Sep  2  2016 timesyncd.conf
drwxr-xr-x  2 root root 4096 Sep  2  2016 user
-rw-r--r--  1 root root 1022 Sep  2  2016 user.conf

# mais arquivos de configuracao do systemd
#
$ ls -l /usr/lib/systemd/
total 20
drwxr-xr-x 2 root root 4096 May 10 15:23 catalog
drwxr-xr-x 2 root root 4096 Sep  2  2016 network
drwxr-xr-x 2 root root 4096 May 10 15:23 ntp-units.d
drwxr-xr-x 2 root root 4096 May 10 15:23 user
drwxr-xr-x 2 root root 4096 Sep  2  2016 user-generators

$ ls -l /usr/lib/systemd/user/
total 16
-rw-r--r-- 1 root root 457 Apr  8 18:07 basic.target
lrwxrwxrwx 1 root root  36 Apr  8 18:08 bluetooth.target -> /lib/systemd/system/bluetooth.target
-rw-r--r-- 1 root root 414 Apr  8 18:07 default.target
-rw-r--r-- 1 root root 499 Apr  8 18:07 exit.target
lrwxrwxrwx 1 root root  32 Apr  8 18:08 paths.target -> /lib/systemd/system/paths.target
lrwxrwxrwx 1 root root  34 Apr  8 18:08 printer.target -> /lib/systemd/system/printer.target
lrwxrwxrwx 1 root root  35 Apr  8 18:08 shutdown.target -> /lib/systemd/system/shutdown.target
lrwxrwxrwx 1 root root  36 Apr  8 18:08 smartcard.target -> /lib/systemd/system/smartcard.target
lrwxrwxrwx 1 root root  34 Apr  8 18:08 sockets.target -> /lib/systemd/system/sockets.target
lrwxrwxrwx 1 root root  32 Apr  8 18:08 sound.target -> /lib/systemd/system/sound.target
-rw-r--r-- 1 root root 497 Apr  8 18:07 systemd-exit.service
lrwxrwxrwx 1 root root  33 Apr  8 18:08 timers.target -> /lib/systemd/system/timers.target
